  backend grafico: TkAgg
>>> SIM ADAPTER: conectando a rosbridge ws://localhost:8765 ...
  esperando /odom (hasta 30s; el mundo del lab tarda en cargar)... ok
  /odom OK pose=(-4.75,+2.60) | /scan: OK
  escenario LAB: mapa/waypoints/puerta REALES (lab.world solo-paredes, frame G1)
  RUIDO DE SENSORES ON: laser sigma=0.090m drop=1.0% | odom deriva=0.070m/m yaw=1.50deg/m

>>> GOTO 'A' -> (+0.99,+0.57). Mando en mano (L2+B). Ctrl+C aborta.
    ENTORNO: SIM (id: lab_v1_vox)  — esta run se registra como SIMULACION, no cuenta como run de robot
  Esperando pose localizada y primera nube... ok.
  FRAME-CHECK start=(-4.75,+2.60) wp_mas_cercano=B(-4.73,+3.04) offset=0.44m
  >>> OJO: arrancas lejos del waypoint mas cercano. Si fisicamente estas EN un waypoint, la relocalizacion difiere de la captura -> re-captura A/B/C en ESTA sesion.
  [spill] payload de agua simulado (semilla=20260814_170842_ours_A.json)
  [META2-DOOR] variante de engagement: Door_Direct (Pl={Door_Direct:1.00, Door_Far:1.00, Door_BiasPlus:1.00})
  META2 ACTIVO (techo por analogia): Meta-Reasoner 2.0, analogia inicial Cautious_Nav

  !!!!!!!!!!!!!!!!!!!!!!!!!!!!!!!!!!!!!!!!!!!!!!!!!!!!!!!!!!!!!!!!!!!!!!!!!!
  !!  VISION OFF (G1_PERC sin definir) pero G1_NOVIS=1: navego SIN vision bajo tu responsabilidad.
  !!  La MESA invisible al LiDAR no se vera.
  !!!!!!!!!!!!!!!!!!!!!!!!!!!!!!!!!!!!!!!!!!!!!!!!!!!!!!!!!!!!!!!!!!!!!!!!!!

  mapa de referencia: 961 celdas | muebles estaticos (nav_map): 0 celdas | plan global: static
  t=  0.0 ENG-F pos=(-4.75,+2.60) yaw= -51.6 d=6.09 goal_err=+32 carrot_err= -15 c0=0.96 clear=0.64 prog=0.00 rel=1.00 bal=+0.15 obs=82 hard=82 obsc=82 yr=  0  nz=0.00 flt=0.26 dmap=+82/-0 shz=0.0 plan=32 cmd=(lx=+0.00,ly=+0.28,rx=+0.00)
  t=  0.5 ENG-F pos=(-4.73,+2.58) yaw= -51.6 d=6.07 goal_err=+32 carrot_err= -15 c0=0.93 clear=0.62 prog=0.18 rel=0.97 bal=+0.11 obs=130 hard=120 obsc=137 yr=  0  nz=0.03 flt=0.06 dmap=+23/-0 shz=4.7 plan=32 cmd=(lx=+0.00,ly=+0.28,rx=+0.00)
  t=  0.9 ENG-F pos=(-4.71,+2.54) yaw= -51.6 d=6.03 goal_err=+32 carrot_err= -16 c0=0.89 clear=0.59 prog=0.24 rel=0.94 bal=+0.11 obs=138 hard=125 obsc=143 yr=  0  nz=0.06 flt=0.09 dmap=+0/-0 shz=4.0 plan=32 cmd=(lx=+0.00,ly=+0.28,rx=+0.00)
  t=  1.3 ENG-F pos=(-4.68,+2.51) yaw= -51.6 d=6.00 goal_err=+33 carrot_err= -11 c0=0.85 clear=0.57 prog=0.24 rel=0.92 bal=+0.11 obs=149 hard=128 obsc=154 yr=  0  nz=0.08 flt=0.07 dmap=+0/-0 shz=4.3 plan=32 cmd=(lx=+0.00,ly=+0.28,rx=+0.00)
  t=  1.8 ENG-F pos=(-4.66,+2.49) yaw= -51.7 d=5.96 goal_err=+33 carrot_err= -11 c0=0.82 clear=0.55 prog=0.24 rel=0.90 bal=+0.11 obs=152 hard=137 obsc=159 yr=  0  nz=0.10 flt=0.03 dmap=+2/-4 shz=4.1 plan=31 cmd=(lx=+0.00,ly=+0.28,rx=+0.00)
  t=  2.2 ENG-F pos=(-4.64,+2.46) yaw= -51.7 d=5.93 goal_err=+33 carrot_err= -11 c0=0.78 clear=0.52 prog=0.26 rel=0.91 bal=+0.11 obs=157 hard=139 obsc=161 yr=  0  nz=0.09 flt=0.05 dmap=+0/-0 shz=4.2 plan=31 cmd=(lx=+0.00,ly=+0.28,rx=+0.00)
  t=  2.6 ENG-F pos=(-4.61,+2.43) yaw= -51.7 d=5.90 goal_err=+33 carrot_err= -12 c0=0.75 clear=0.50 prog=0.24 rel=0.91 bal=+0.10 obs=162 hard=144 obsc=166 yr=  0  nz=0.09 flt=0.05 dmap=+0/-0 shz=4.1 plan=31 cmd=(lx=+0.00,ly=+0.28,rx=+0.00)
  t=  3.0 ENG-F pos=(-4.59,+2.41) yaw= -53.8 d=5.88 goal_err=+36 carrot_err= -10 c0=0.72 clear=0.48 prog=0.23 rel=0.91 bal=+0.10 obs=167 hard=156 obsc=172 yr= 20G nz=0.08 flt=0.09 dmap=+2/-0 shz=4.1 plan=31 cmd=(lx=+0.00,ly=+0.28,rx=+0.00)
  t=  3.4 ENG-F pos=(-4.58,+2.39) yaw= -55.7 d=5.86 goal_err=+38 carrot_err=  -9 c0=0.70 clear=0.47 prog=0.22 rel=0.69 bal=+0.01 obs=183 hard=166 obsc=191 yr=  0  nz=0.20 flt=0.32 dmap=+0/-0 shz=4.1 plan=31 cmd=(lx=+0.00,ly=+0.28,rx=+0.00)
  t=  3.9 ENG-T pos=(-4.55,+2.36) yaw= -55.8 d=5.82 goal_err=+38 carrot_err=  -9 c0=0.66 clear=0.44 prog=0.22 rel=0.68 bal=+0.01 obs=227 hard=203 obsc=245 yr=  0  nz=0.23 flt=0.12 dmap=+0/-0 shz=4.1 plan=31 cmd=(lx=+0.00,ly=+0.00,rx=+0.45)
  t=  4.3 ENG-F pos=(-4.54,+2.34) yaw= -59.8 d=5.81 goal_err=+42 carrot_err=  -5 c0=0.77 clear=0.51 prog=0.19 rel=0.75 bal=+0.01 obs=224 hard=190 obsc=242 yr=  0  nz=0.23 flt=0.04 dmap=+5/-8 shz=4.0 plan=31 cmd=(lx=+0.00,ly=+0.28,rx=+0.00)
  t=  4.7 ENG-F pos=(-4.52,+2.31) yaw= -59.8 d=5.78 goal_err=+42 carrot_err=  -6 c0=0.73 clear=0.49 prog=0.19 rel=0.75 bal=+0.01 obs=227 hard=189 obsc=242 yr=  0  nz=0.25 flt=0.03 dmap=+0/-0 shz=4.1 plan=31 cmd=(lx=+0.00,ly=+0.28,rx=+0.00)
  t=  5.1 ENG-T pos=(-4.51,+2.28) yaw= -59.8 d=5.76 goal_err=+43 carrot_err=  -0 c0=0.89 clear=0.59 prog=0.20 rel=0.70 bal=+0.10 obs=201 hard=182 obsc=228 yr=  0G nz=0.30 flt=0.09 dmap=+0/-0 shz=4.0 plan=31 cmd=(lx=+0.00,ly=+0.00,rx=+0.45)
  t=  5.6 ENG-F pos=(-4.50,+2.27) yaw= -63.8 d=5.74 goal_err=+47 carrot_err=  +4 c0=0.67 clear=0.45 prog=0.16 rel=0.69 bal=+0.01 obs=185 hard=178 obsc=221 yr=  0  nz=0.28 flt=0.05 dmap=+6/-24 shz=4.0 plan=31 cmd=(lx=+0.00,ly=+0.28,rx=+0.00)
  t=  6.0 ENG-F pos=(-4.48,+2.24) yaw= -63.8 d=5.72 goal_err=+47 carrot_err=  +4 c0=0.64 clear=0.43 prog=0.16 rel=0.83 bal=-0.07 obs=187 hard=169 obsc=200 yr=  0  nz=0.13 flt=0.10 dmap=+6/-5 shz=4.0 plan=31 cmd=(lx=+0.00,ly=+0.28,rx=+0.00)
  t=  6.4 ENG-F pos=(-4.47,+2.21) yaw= -67.8 d=5.71 goal_err=+51 carrot_err=  +8 c0=0.62 clear=0.41 prog=0.16 rel=0.82 bal=-0.10 obs=188 hard=170 obsc=200 yr= 18  nz=0.14 flt=0.06 dmap=+0/-0 shz=4.0 plan=30 cmd=(lx=+0.00,ly=+0.28,rx=+0.00)
  t=  6.8 ENG-F pos=(-4.46,+2.18) yaw= -67.8 d=5.69 goal_err=+51 carrot_err=  +8 c0=0.59 clear=0.39 prog=0.15 rel=0.91 bal=-0.07 obs=189 hard=167 obsc=198 yr=  0  nz=0.06 flt=0.08 dmap=+0/-0 shz=4.0 plan=30 cmd=(lx=+0.00,ly=+0.28,rx=+0.00)
  t=  7.3 ENG-F pos=(-4.46,+2.17) yaw= -71.8 d=5.68 goal_err=+55 carrot_err= +12 c0=0.57 clear=0.38 prog=0.14 rel=0.89 bal=-0.11 obs=195 hard=168 obsc=203 yr= 19  nz=0.07 flt=0.16 dmap=+7/-2 shz=4.0 plan=30 cmd=(lx=+0.00,ly=+0.28,rx=+0.00)
  t=  7.7 ENG-F pos=(-4.45,+2.14) yaw= -71.8 d=5.66 goal_err=+56 carrot_err= +13 c0=0.54 clear=0.36 prog=0.13 rel=0.93 bal=-0.12 obs=198 hard=167 obsc=208 yr=  0  nz=0.06 flt=0.08 dmap=+0/-0 shz=4.0 plan=30 cmd=(lx=+0.00,ly=+0.28,rx=+0.00)
  t=  8.1 ENG-F pos=(-4.44,+2.12) yaw= -75.8 d=5.64 goal_err=+60 carrot_err= +17 c0=0.72 clear=0.48 prog=0.11 rel=0.87 bal=-0.12 obs=198 hard=176 obsc=208 yr= 37G nz=0.13 flt=0.04 dmap=+0/-0 shz=4.0 plan=30 cmd=(lx=+0.00,ly=+0.28,rx=+0.00)
  t=  8.6 ENG-F pos=(-4.43,+2.10) yaw= -77.8 d=5.63 goal_err=+62 carrot_err= +23 c0=0.70 clear=0.47 prog=0.11 rel=0.81 bal=-0.12 obs=197 hard=180 obsc=209 yr=  0  nz=0.14 flt=0.07 dmap=+2/-3 shz=4.0 plan=30 cmd=(lx=+0.00,ly=+0.28,rx=+0.00)
  t=  9.0 ENG-AL pos=(-4.43,+2.08) yaw= -77.7 d=5.63 goal_err=+62 carrot_err= +23 c0=0.68 clear=0.46 prog=0.09 rel=0.88 bal=-0.11 obs=198 hard=182 obsc=210 yr=  0  nz=0.11 flt=0.06 dmap=+0/-0 shz=4.0 plan=30 cmd=(lx=+0.00,ly=+0.00,rx=-0.45)
  t=  9.4 ENG-AL. pos=(-4.43,+2.08) yaw= -71.7 d=5.63 goal_err=+56 carrot_err= +17 c0=0.68 clear=0.46 prog=0.07 rel=0.88 bal=-0.11 obs=198 hard=182 obsc=210 yr= 19  nz=0.06 flt=0.21 dmap=+0/-0 shz=4.0 plan=30 cmd=(lx=+0.00,ly=+0.00,rx=+0.00)
  t=  9.8 ENG-AL. pos=(-4.43,+2.08) yaw= -67.7 d=5.63 goal_err=+52 carrot_err= +13 c0=0.68 clear=0.46 prog=0.04 rel=0.95 bal=-0.11 obs=205 hard=179 obsc=215 yr= 19G nz=0.05 flt=0.08 dmap=+2/-0 shz=4.0 plan=29 cmd=(lx=+0.00,ly=+0.00,rx=+0.00)
  t= 10.3 ENG-AL pos=(-4.43,+2.08) yaw= -63.7 d=5.63 goal_err=+48 carrot_err=  +9 c0=0.68 clear=0.46 prog=0.03 rel=0.97 bal=-0.11 obs=217 hard=184 obsc=232 yr=  0G nz=0.03 flt=0.06 dmap=+1/-0 shz=4.0 plan=29 cmd=(lx=+0.00,ly=+0.00,rx=-0.45)
  t= 10.7 ENG-AL. pos=(-4.43,+2.08) yaw= -57.7 d=5.63 goal_err=+42 carrot_err=  +3 c0=1.07 clear=0.72 prog=0.00 rel=0.78 bal=-0.11 obs=219 hard=187 obsc=238 yr=  0  nz=0.22 flt=0.06 dmap=+0/-0 shz=4.0 plan=29 cmd=(lx=+0.00,ly=+0.00,rx=+0.00)
  t= 11.1 ENG-AL. pos=(-4.43,+2.08) yaw= -53.7 d=5.63 goal_err=+38 carrot_err=  -1 c0=0.96 clear=0.64 prog=0.00 rel=0.67 bal=-0.11 obs=220 hard=186 obsc=241 yr= 19  nz=0.33 flt=0.04 dmap=+0/-0 shz=4.0 plan=29 cmd=(lx=+0.00,ly=+0.00,rx=+0.00)
  t= 11.5 ENG-AL. pos=(-4.43,+2.08) yaw= -51.7 d=5.63 goal_err=+36 carrot_err=  -3 c0=1.16 clear=0.78 prog=0.00 rel=0.66 bal=-0.11 obs=213 hard=187 obsc=239 yr= 19G nz=0.34 flt=0.13 dmap=+0/-0 shz=4.0 plan=29 cmd=(lx=+0.00,ly=+0.00,rx=+0.00)
  t= 12.0 ENG-C pos=(-4.45,+2.07) yaw= -49.7 d=5.64 goal_err=+34 carrot_err=  -4 c0=1.24 clear=0.83 prog=0.00 rel=0.88 bal=-0.09 obs=209 hard=187 obsc=229 yr=  0  nz=0.12 flt=0.03 dmap=+0/-0 shz=4.0 plan=29 cmd=(lx=+0.34,ly=+0.00,rx=+0.00)
  t= 12.4 ENG-GO pos=(-4.47,+2.04) yaw= -49.7 d=5.65 goal_err=+35 carrot_err=  -2 c0=1.24 clear=0.83 prog=0.00 rel=0.86 bal=-0.05 obs=209 hard=191 obsc=224 yr=  0  nz=0.13 flt=0.07 dmap=+0/-0 shz=4.0 plan=29 cmd=(lx=+0.00,ly=+0.28,rx=+0.00)
  t= 12.8 ENG-GO pos=(-4.45,+2.01) yaw= -49.7 d=5.63 goal_err=+35 carrot_err=  -2 c0=1.21 clear=0.81 prog=0.00 rel=0.88 bal=-0.06 obs=203 hard=189 obsc=220 yr=  0  nz=0.12 flt=0.06 dmap=+0/-4 shz=4.0 plan=29 cmd=(lx=+0.00,ly=+0.28,rx=+0.00)
  t= 13.2 ENG-GO pos=(-4.43,+1.99) yaw= -49.7 d=5.60 goal_err=+35 carrot_err=  -2 c0=1.18 clear=0.79 prog=0.05 rel=0.94 bal=-0.07 obs=202 hard=188 obsc=220 yr=  0  nz=0.06 flt=0.07 dmap=+0/-0 shz=4.0 plan=29 cmd=(lx=+0.00,ly=+0.28,rx=+0.00)
  t= 13.7 ENG-GO pos=(-4.40,+1.96) yaw= -49.7 d=5.57 goal_err=+35 carrot_err=  -2 c0=1.15 clear=0.77 prog=0.10 rel=0.94 bal=-0.10 obs=203 hard=188 obsc=218 yr=  0  nz=0.06 flt=0.04 dmap=+0/-0 shz=4.0 plan=29 cmd=(lx=+0.00,ly=+0.28,rx=+0.00)
  t= 14.1 ENG-GO pos=(-4.38,+1.93) yaw= -49.7 d=5.54 goal_err=+36 carrot_err=  -2 c0=1.12 clear=0.74 prog=0.19 rel=0.93 bal=-0.09 obs=206 hard=191 obsc=224 yr=  0  nz=0.07 flt=0.05 dmap=+3/-2 shz=4.0 plan=29 cmd=(lx=+0.00,ly=+0.28,rx=+0.00)
  t= 14.5 ENG-GO pos=(-4.36,+1.90) yaw= -49.7 d=5.51 goal_err=+36 carrot_err=  -2 c0=1.08 clear=0.72 prog=0.22 rel=0.93 bal=-0.09 obs=206 hard=190 obsc=223 yr=  0  nz=0.07 flt=0.03 dmap=+0/-0 shz=4.0 plan=29 cmd=(lx=+0.00,ly=+0.28,rx=+0.00)
  t= 14.9 ENG-GO pos=(-4.34,+1.88) yaw= -49.7 d=5.49 goal_err=+36 carrot_err=  -2 c0=0.61 clear=0.41 prog=0.21 rel=0.50 bal=-0.09 obs=253 hard=233 obsc=281 yr=  0  nz=0.46 flt=0.25 dmap=+0/-0 shz=4.0 plan=29 cmd=(lx=+0.00,ly=+0.28,rx=+0.00)
  t= 15.4 ENG-GO pos=(-4.32,+1.86) yaw= -49.7 d=5.46 goal_err=+36 carrot_err=  -2 c0=0.58 clear=0.39 prog=0.21 rel=0.43 bal=-0.08 obs=266 hard=229 obsc=293 yr=  0  nz=0.54 flt=0.06 dmap=+1/-7 shz=4.0 plan=29 cmd=(lx=+0.00,ly=+0.28,rx=+0.00)
  t= 15.8 ENG-GO pos=(-4.30,+1.83) yaw= -49.7 d=5.43 goal_err=+36 carrot_err=  +7 c0=0.55 clear=0.37 prog=0.21 rel=0.46 bal=-0.07 obs=259 hard=229 obsc=286 yr=  0  nz=0.54 flt=0.08 dmap=+0/-8 shz=4.0 plan=28 cmd=(lx=+0.00,ly=+0.28,rx=+0.00)
  t= 16.2 ENG-GO pos=(-4.27,+1.80) yaw= -49.7 d=5.40 goal_err=+36 carrot_err=  +8 c0=0.78 clear=0.52 prog=0.21 rel=0.69 bal=+0.03 obs=252 hard=227 obsc=280 yr=  0  nz=0.31 flt=0.07 dmap=+0/-0 shz=4.0 plan=28 cmd=(lx=+0.00,ly=+0.28,rx=+0.00)
  t= 16.7 ENG-GO pos=(-4.24,+1.77) yaw= -49.7 d=5.37 goal_err=+37 carrot_err=  +8 c0=1.02 clear=0.68 prog=0.23 rel=0.65 bal=+0.03 obs=227 hard=213 obsc=250 yr=  0  nz=0.35 flt=0.04 dmap=+0/-0 shz=4.0 plan=28 cmd=(lx=+0.00,ly=+0.28,rx=+0.00)
  t= 17.1 ENG-GO pos=(-4.22,+1.74) yaw= -49.7 d=5.34 goal_err=+37 carrot_err=  +8 c0=0.98 clear=0.66 prog=0.24 rel=0.65 bal=+0.02 obs=232 hard=213 obsc=256 yr=  0  nz=0.35 flt=0.04 dmap=+6/-5 shz=4.0 plan=28 cmd=(lx=+0.00,ly=+0.28,rx=+0.00)
  t= 17.5 ENG-GO pos=(-4.20,+1.72) yaw= -49.6 d=5.31 goal_err=+37 carrot_err=  +9 c0=0.95 clear=0.63 prog=0.24 rel=0.72 bal=+0.02 obs=232 hard=209 obsc=252 yr=  0  nz=0.28 flt=0.09 dmap=+0/-0 shz=4.0 plan=28 cmd=(lx=+0.00,ly=+0.28,rx=+0.00)
  t= 17.9 ENG-GO pos=(-4.17,+1.69) yaw= -49.6 d=5.28 goal_err=+37 carrot_err=  +8 c0=0.64 clear=0.43 prog=0.23 rel=0.78 bal=+0.01 obs=231 hard=212 obsc=255 yr=  0  nz=0.22 flt=0.08 dmap=+0/-0 shz=4.0 plan=28 cmd=(lx=+0.00,ly=+0.28,rx=+0.00)
  t= 18.4 ENG-GO pos=(-4.15,+1.66) yaw= -49.6 d=5.25 goal_err=+38 carrot_err=  +8 c0=0.60 clear=0.40 prog=0.24 rel=0.73 bal=+0.01 obs=232 hard=211 obsc=256 yr=  0  nz=0.25 flt=0.12 dmap=+2/-2 shz=4.0 plan=28 cmd=(lx=+0.00,ly=+0.28,rx=+0.00)
  t= 18.8 ENG-GO pos=(-4.12,+1.62) yaw= -49.6 d=5.22 goal_err=+38 carrot_err=  +9 c0=0.67 clear=0.45 prog=0.24 rel=0.74 bal=-0.09 obs=238 hard=214 obsc=255 yr=  0  nz=0.26 flt=0.04 dmap=+0/-0 shz=4.0 plan=28 cmd=(lx=+0.00,ly=+0.28,rx=+0.00)
  t= 19.2 ENG-GO pos=(-4.10,+1.60) yaw= -49.6 d=5.19 goal_err=+38 carrot_err=  +9 c0=0.64 clear=0.42 prog=0.23 rel=0.80 bal=-0.09 obs=237 hard=217 obsc=256 yr=  0  nz=0.19 flt=0.05 dmap=+0/-0 shz=4.0 plan=27 cmd=(lx=+0.00,ly=+0.28,rx=+0.00)
  t= 19.6 ENG-GO pos=(-4.08,+1.57) yaw= -49.6 d=5.16 goal_err=+38 carrot_err=  +9 c0=0.60 clear=0.40 prog=0.23 rel=0.79 bal=+0.02 obs=264 hard=240 obsc=290 yr=  0  nz=0.17 flt=0.22 dmap=+17/-3 shz=4.0 plan=27 cmd=(lx=+0.00,ly=+0.28,rx=+0.00)
  t= 20.0 ENG-GO pos=(-4.05,+1.54) yaw= -49.6 d=5.14 goal_err=+39 carrot_err=  +9 c0=0.57 clear=0.38 prog=0.23 rel=0.69 bal=-0.03 obs=281 hard=250 obsc=310 yr=  0  nz=0.21 flt=0.19 dmap=+0/-0 shz=4.0 plan=27 cmd=(lx=+0.00,ly=+0.28,rx=+0.00)
  t= 20.5 ENG-GO pos=(-4.03,+1.52) yaw= -49.6 d=5.11 goal_err=+39 carrot_err=  +9 c0=0.71 clear=0.47 prog=0.22 rel=0.76 bal=-0.02 obs=274 hard=243 obsc=302 yr=  0  nz=0.24 flt=0.10 dmap=+0/-0 shz=4.0 plan=27 cmd=(lx=+0.00,ly=+0.28,rx=+0.00)
  t= 20.9 ENG-GO pos=(-4.01,+1.50) yaw= -49.7 d=5.09 goal_err=+39 carrot_err= +11 c0=0.68 clear=0.46 prog=0.20 rel=0.75 bal=-0.01 obs=259 hard=245 obsc=297 yr=  0  nz=0.24 flt=0.03 dmap=+4/-16 shz=4.0 plan=27 cmd=(lx=+0.00,ly=+0.28,rx=+0.00)
  t= 21.3 ENG-GO pos=(-3.99,+1.47) yaw= -49.6 d=5.06 goal_err=+39 carrot_err= +11 c0=0.70 clear=0.46 prog=0.20 rel=0.74 bal=-0.02 obs=246 hard=232 obsc=270 yr=  0  nz=0.26 flt=0.14 dmap=+3/-2 shz=4.0 plan=27 cmd=(lx=+0.00,ly=+0.28,rx=+0.00)
  t= 21.8 ENG-GO pos=(-3.97,+1.44) yaw= -49.6 d=5.03 goal_err=+40 carrot_err= +12 c0=0.92 clear=0.61 prog=0.20 rel=0.82 bal=-0.03 obs=246 hard=230 obsc=269 yr=  0  nz=0.18 flt=0.04 dmap=+0/-0 shz=4.0 plan=27 cmd=(lx=+0.00,ly=+0.28,rx=+0.00)
  t= 22.2 ENG-GO pos=(-3.94,+1.41) yaw= -49.6 d=5.00 goal_err=+40 carrot_err= +10 c0=0.88 clear=0.58 prog=0.21 rel=0.81 bal=-0.04 obs=250 hard=230 obsc=272 yr=  0  nz=0.19 flt=0.01 dmap=+0/-0 shz=4.0 plan=26 cmd=(lx=+0.00,ly=+0.28,rx=+0.00)
  t= 22.6 ENG-GO pos=(-3.92,+1.38) yaw= -49.6 d=4.98 goal_err=+40 carrot_err= +11 c0=0.84 clear=0.56 prog=0.21 rel=0.79 bal=-0.02 obs=247 hard=233 obsc=271 yr=  0  nz=0.19 flt=0.10 dmap=+1/-3 shz=4.0 plan=26 cmd=(lx=+0.00,ly=+0.28,rx=+0.00)
  t= 23.0 ENG-GO pos=(-3.90,+1.35) yaw= -49.6 d=4.95 goal_err=+41 carrot_err= +11 c0=0.81 clear=0.54 prog=0.22 rel=0.90 bal=-0.00 obs=247 hard=231 obsc=275 yr=  0  nz=0.09 flt=0.14 dmap=+0/-0 shz=4.0 plan=26 cmd=(lx=+0.00,ly=+0.28,rx=+0.00)
  t= 23.5 ENG-GO pos=(-3.87,+1.33) yaw= -49.6 d=4.92 goal_err=+41 carrot_err= +12 c0=0.78 clear=0.52 prog=0.22 rel=0.90 bal=+0.00 obs=251 hard=231 obsc=278 yr=  0  nz=0.09 flt=0.05 dmap=+0/-0 shz=4.0 plan=26 cmd=(lx=+0.00,ly=+0.28,rx=+0.00)
  t= 23.9 ENG-GO pos=(-3.85,+1.30) yaw= -49.6 d=4.90 goal_err=+41 carrot_err= +12 c0=0.75 clear=0.50 prog=0.20 rel=0.92 bal=-0.04 obs=265 hard=245 obsc=293 yr=  0  nz=0.08 flt=0.33 dmap=+16/-1 shz=4.0 plan=26 cmd=(lx=+0.00,ly=+0.28,rx=+0.00)
  t= 24.3 ENG-GO pos=(-3.83,+1.28) yaw= -49.6 d=4.87 goal_err=+41 carrot_err= +20 c0=0.72 clear=0.48 prog=0.20 rel=0.68 bal=-0.05 obs=281 hard=257 obsc=312 yr=  0  nz=0.23 flt=0.19 dmap=+0/-0 shz=4.0 plan=26 cmd=(lx=+0.00,ly=+0.28,rx=+0.00)
  t= 24.7 ENG-GO pos=(-3.81,+1.25) yaw= -49.6 d=4.85 goal_err=+42 carrot_err= +20 c0=0.69 clear=0.46 prog=0.20 rel=0.78 bal=-0.05 obs=297 hard=258 obsc=323 yr=  0  nz=0.23 flt=0.11 dmap=+0/-0 shz=4.0 plan=26 cmd=(lx=+0.00,ly=+0.28,rx=+0.00)
  t= 25.2 ENG-GO pos=(-3.79,+1.23) yaw= -49.6 d=4.82 goal_err=+42 carrot_err= +21 c0=0.66 clear=0.44 prog=0.20 rel=0.79 bal=-0.06 obs=298 hard=263 obsc=323 yr=  0  nz=0.21 flt=0.24 dmap=+2/-3 shz=4.0 plan=26 cmd=(lx=+0.00,ly=+0.28,rx=+0.00)
  t= 25.6 ENG-GO pos=(-3.76,+1.19) yaw= -49.7 d=4.79 goal_err=+42 carrot_err= +23 c0=0.61 clear=0.41 prog=0.20 rel=0.75 bal=-0.06 obs=294 hard=261 obsc=327 yr=  0  nz=0.23 flt=0.06 dmap=+0/-0 shz=4.0 plan=25 cmd=(lx=+0.00,ly=+0.28,rx=+0.00)
  t= 26.0 ENG-GO pos=(-3.74,+1.17) yaw= -49.6 d=4.77 goal_err=+42 carrot_err= +23 c0=1.03 clear=0.68 prog=0.20 rel=0.60 bal=-0.07 obs=282 hard=254 obsc=306 yr=  0  nz=0.39 flt=0.08 dmap=+0/-0 shz=4.0 plan=25 cmd=(lx=+0.00,ly=+0.28,rx=+0.00)
  t= 26.4 ENG-GO pos=(-3.72,+1.14) yaw= -49.7 d=4.75 goal_err=+43 carrot_err= +24 c0=0.99 clear=0.66 prog=0.20 rel=0.69 bal=-0.07 obs=286 hard=256 obsc=308 yr=  0  nz=0.30 flt=0.03 dmap=+3/-1 shz=4.0 plan=25 cmd=(lx=+0.00,ly=+0.28,rx=+0.00)
  t= 26.9 ENG-GO pos=(-3.70,+1.12) yaw= -49.6 d=4.72 goal_err=+43 carrot_err= +25 c0=0.96 clear=0.64 prog=0.20 rel=0.70 bal=-0.08 obs=286 hard=258 obsc=309 yr=  0  nz=0.29 flt=0.05 dmap=+1/-1 shz=4.0 plan=25 cmd=(lx=+0.00,ly=+0.28,rx=+0.00)
  t= 27.3 ENG-GO pos=(-3.68,+1.09) yaw= -49.6 d=4.70 goal_err=+43 carrot_err= +21 c0=0.93 clear=0.62 prog=0.18 rel=0.91 bal=-0.14 obs=287 hard=261 obsc=309 yr=  0  nz=0.10 flt=0.03 dmap=+0/-0 shz=4.0 plan=24 cmd=(lx=+0.00,ly=+0.28,rx=+0.00)
  t= 27.7 ENG-GO pos=(-3.66,+1.07) yaw= -49.6 d=4.68 goal_err=+44 carrot_err= +21 c0=0.72 clear=0.48 prog=0.18 rel=0.64 bal=-0.13 obs=312 hard=284 obsc=338 yr=  0  nz=0.28 flt=0.26 dmap=+0/-0 shz=4.0 plan=24 cmd=(lx=+0.00,ly=+0.28,rx=+0.00)
  t= 28.1 ENG-GO pos=(-3.63,+1.03) yaw= -49.7 d=4.64 goal_err=+44 carrot_err= +22 c0=0.67 clear=0.45 prog=0.20 rel=0.62 bal=+0.02 obs=321 hard=286 obsc=351 yr=  0  nz=0.31 flt=0.07 dmap=+3/-6 shz=4.0 plan=24 cmd=(lx=+0.00,ly=+0.28,rx=+0.00)
  t= 28.6 ENG-GO pos=(-3.61,+1.01) yaw= -49.6 d=4.62 goal_err=+44 carrot_err= +35 c0=0.64 clear=0.43 prog=0.20 rel=0.67 bal=+0.03 obs=326 hard=287 obsc=348 yr=  0  nz=0.32 flt=0.06 dmap=+0/-0 shz=4.0 plan=24 cmd=(lx=+0.00,ly=+0.28,rx=+0.00)
  t= 29.0 ENG-GO pos=(-3.58,+0.98) yaw= -49.6 d=4.59 goal_err=+44 carrot_err= +37 c0=0.61 clear=0.41 prog=0.20 rel=0.71 bal=+0.04 obs=324 hard=292 obsc=354 yr=  0  nz=0.29 flt=0.06 dmap=+0/-0 shz=4.0 plan=24 cmd=(lx=+0.00,ly=+0.28,rx=+0.00)
  t= 29.4 ENG-GO pos=(-3.56,+0.95) yaw= -49.6 d=4.57 goal_err=+45 carrot_err= +38 c0=1.02 clear=0.68 prog=0.21 rel=0.65 bal=+0.06 obs=315 hard=290 obsc=339 yr=  0  nz=0.35 flt=0.03 dmap=+3/-0 shz=4.0 plan=24 cmd=(lx=+0.00,ly=+0.28,rx=+0.00)
  t= 29.9 ENG-GO pos=(-3.54,+0.92) yaw= -49.6 d=4.54 goal_err=+45 carrot_err= +40 c0=0.98 clear=0.65 prog=0.21 rel=0.51 bal=+0.18 obs=325 hard=298 obsc=350 yr=  0  nz=0.43 flt=0.35 dmap=+0/-0 shz=4.0 plan=24 cmd=(lx=+0.00,ly=+0.28,rx=+0.00)
  t= 30.3 ENG-GO pos=(-3.51,+0.90) yaw= -49.6 d=4.52 goal_err=+45 carrot_err= +42 c0=0.76 clear=0.51 prog=0.20 rel=0.53 bal=+0.19 obs=354 hard=320 obsc=393 yr=  0  nz=0.40 flt=0.26 dmap=+0/-0 shz=4.0 plan=24 cmd=(lx=+0.00,ly=+0.28,rx=+0.00)
  t= 30.7 ENG-GO pos=(-3.49,+0.87) yaw= -49.5 d=4.49 goal_err=+46 carrot_err= +45 c0=0.72 clear=0.48 prog=0.21 rel=0.67 bal=+0.20 obs=356 hard=314 obsc=386 yr=  0  nz=0.33 flt=0.04 dmap=+1/-2 shz=4.0 plan=24 cmd=(lx=+0.00,ly=+0.28,rx=+0.00)
  t= 31.1 ENG-GO pos=(-3.47,+0.84) yaw= -49.6 d=4.46 goal_err=+46 carrot_err= +47 c0=0.69 clear=0.46 prog=0.20 rel=0.66 bal=+0.44 obs=348 hard=313 obsc=382 yr=  0  nz=0.34 flt=0.08 dmap=+0/-7 shz=4.0 plan=24 cmd=(lx=+0.00,ly=+0.28,rx=+0.00)
  t= 31.6 ENG-GO pos=(-3.44,+0.82) yaw= -49.6 d=4.44 goal_err=+46 carrot_err= +49 c0=0.85 clear=0.57 prog=0.20 rel=0.72 bal=+0.66 obs=333 hard=309 obsc=376 yr=  0  nz=0.28 flt=0.08 dmap=+0/-0 shz=4.0 plan=24 cmd=(lx=+0.00,ly=+0.28,rx=+0.00)
  t= 32.0 ENG-GO pos=(-3.42,+0.79) yaw= -49.5 d=4.42 goal_err=+47 carrot_err= +50 c0=0.63 clear=0.42 prog=0.19 rel=0.84 bal=+0.65 obs=339 hard=309 obsc=369 yr=  0  nz=0.15 flt=0.13 dmap=+0/-0 shz=4.0 plan=23 cmd=(lx=+0.00,ly=+0.28,rx=+0.00)
  t= 32.4 ENG-GO pos=(-3.40,+0.77) yaw= -49.5 d=4.40 goal_err=+47 carrot_err= +52 c0=0.60 clear=0.40 prog=0.19 rel=0.83 bal=+0.54 obs=345 hard=313 obsc=371 yr=  0  nz=0.17 flt=0.04 dmap=+4/-1 shz=4.0 plan=23 cmd=(lx=+0.00,ly=+0.28,rx=+0.00)
  t= 32.8 ENG-GO pos=(-3.38,+0.74) yaw= -49.5 d=4.37 goal_err=+47 carrot_err= +54 c0=0.57 clear=0.38 prog=0.18 rel=0.78 bal=+0.53 obs=349 hard=313 obsc=375 yr=  0  nz=0.21 flt=0.07 dmap=+0/-0 shz=4.0 plan=23 cmd=(lx=+0.00,ly=+0.28,rx=+0.00)
  [META2-DOOR] Door_Direct: CRUZADA (cols=0) -> Pl=1.00
  t= 33.3 STOP  pos=(-3.36,+0.72) yaw= -49.5 d=4.35 goal_err=+48 carrot_err= +56 c0=0.98 clear=0.66 prog=0.18 rel=0.73 bal=+0.53 obs=349 hard=314 obsc=376 yr=  0  nz=0.27 flt=0.09 dmap=+0/-0 shz=4.0 plan=23 cmd=(lx=+0.00,ly=+0.00,rx=+0.00)
  t= 33.7 STOP  pos=(-3.36,+0.72) yaw= -49.5 d=4.35 goal_err=+48 carrot_err= +56 c0=0.98 clear=0.66 prog=0.14 rel=0.69 bal=+0.53 obs=349 hard=317 obsc=378 yr=  0  nz=0.31 flt=0.10 dmap=+3/-2 shz=4.0 plan=23 cmd=(lx=+0.00,ly=+0.00,rx=+0.00)
  t= 34.1 DOOR-AL pos=(-3.36,+0.72) yaw= -49.5 d=4.35 goal_err=+48 carrot_err= +56 c0=0.80 clear=0.53 prog=0.10 rel=0.70 bal=+0.53 obs=352 hard=321 obsc=380 yr=  0G nz=0.30 flt=0.19 dmap=+0/-0 shz=4.0 plan=23 cmd=(lx=+0.00,ly=+0.00,rx=-0.45)
  t= 34.5 DOOR-AL. pos=(-3.36,+0.72) yaw= -39.4 d=4.35 goal_err=+38 carrot_err= +46 c0=0.80 clear=0.53 prog=0.06 rel=0.76 bal=+0.41 obs=354 hard=325 obsc=382 yr= 38  nz=0.24 flt=0.08 dmap=+0/-0 shz=4.0 plan=23 cmd=(lx=+0.00,ly=+0.00,rx=+0.00)
  t= 35.0 DWA-F pos=(-3.36,+0.72) yaw= -37.4 d=4.35 goal_err=+35 carrot_err= +44 c0=1.07 clear=0.71 prog=0.02 rel=0.82 bal=+0.41 obs=356 hard=324 obsc=384 yr= 18G nz=0.16 flt=0.18 dmap=+0/-0 shz=4.0 plan=23 cmd=(lx=+0.00,ly=+0.40,rx=-0.45)
  t= 35.4 DWA-F pos=(-3.34,+0.70) yaw= -30.6 d=4.33 goal_err=+29 carrot_err= +38 c0=2.33 clear=1.00 prog=0.03 rel=0.32 bal=+0.31 obs=357 hard=326 obsc=385 yr= 15G nz=0.66 flt=0.11 dmap=+1/-0 shz=4.0 plan=23 cmd=(lx=+0.00,ly=+0.40,rx=-0.45)
  t= 35.8 DWA-F pos=(-3.31,+0.69) yaw= -27.4 d=4.30 goal_err=+26 carrot_err= +36 c0=1.72 clear=1.00 prog=0.08 rel=0.07 bal=+0.31 obs=355 hard=326 obsc=387 yr=  0  nz=0.93 flt=0.12 dmap=+0/-0 shz=4.0 plan=23 cmd=(lx=+0.00,ly=+0.40,rx=-0.45)
  t= 36.3 DWA-F pos=(-3.28,+0.67) yaw= -24.2 d=4.27 goal_err=+23 carrot_err= +19 c0=1.68 clear=1.00 prog=0.13 rel=0.39 bal=+0.30 obs=363 hard=324 obsc=394 yr=  0  nz=0.61 flt=0.13 dmap=+0/-0 shz=4.0 plan=23 cmd=(lx=+0.00,ly=+0.40,rx=+0.00)
  t= 36.7 DWA-F pos=(-3.24,+0.66) yaw= -24.2 d=4.24 goal_err=+23 carrot_err= +10 c0=1.65 clear=1.00 prog=0.19 rel=0.59 bal=+0.29 obs=370 hard=332 obsc=400 yr=  0  nz=0.41 flt=0.08 dmap=+1/-0 shz=4.0 plan=22 cmd=(lx=+0.00,ly=+0.40,rx=+0.00)
  t= 37.2 DWA-F pos=(-3.22,+0.65) yaw= -24.2 d=4.21 goal_err=+23 carrot_err= +11 c0=1.62 clear=1.00 prog=0.23 rel=0.92 bal=+0.29 obs=370 hard=335 obsc=403 yr=  0  nz=0.08 flt=0.12 dmap=+2/-3 shz=4.0 plan=22 cmd=(lx=+0.00,ly=+0.40,rx=+0.00)
  t= 37.6 DWA-F pos=(-3.19,+0.63) yaw= -24.2 d=4.18 goal_err=+23 carrot_err= +11 c0=1.59 clear=1.00 prog=0.23 rel=0.94 bal=+0.28 obs=370 hard=342 obsc=404 yr=  0  nz=0.06 flt=0.06 dmap=+0/-0 shz=4.0 plan=22 cmd=(lx=+0.00,ly=+0.40,rx=+0.00)
  t= 38.1 DWA-F pos=(-3.16,+0.62) yaw= -24.2 d=4.15 goal_err=+24 carrot_err= +11 c0=1.56 clear=1.00 prog=0.23 rel=0.94 bal=+0.28 obs=373 hard=343 obsc=404 yr=  0  nz=0.06 flt=0.04 dmap=+0/-0 shz=4.0 plan=22 cmd=(lx=+0.00,ly=+0.40,rx=+0.00)
  t= 38.5 DWA-F pos=(-3.13,+0.60) yaw= -24.2 d=4.12 goal_err=+24 carrot_err= +12 c0=1.73 clear=1.00 prog=0.22 rel=0.94 bal=+0.27 obs=377 hard=346 obsc=407 yr=  0  nz=0.06 flt=0.10 dmap=+4/-2 shz=4.0 plan=22 cmd=(lx=+0.00,ly=+0.40,rx=+0.00)
  t= 38.9 DWA-F pos=(-3.08,+0.59) yaw= -24.1 d=4.07 goal_err=+24 carrot_err= +12 c0=1.68 clear=1.00 prog=0.25 rel=0.88 bal=+0.32 obs=382 hard=347 obsc=413 yr=  1  nz=0.12 flt=0.04 dmap=+4/-1 shz=4.0 plan=22 cmd=(lx=+0.00,ly=+0.40,rx=+0.00)
  t= 39.4 DWA-F pos=(-3.05,+0.57) yaw= -24.1 d=4.04 goal_err=+24 carrot_err= +13 c0=1.85 clear=1.00 prog=0.26 rel=0.88 bal=+0.32 obs=384 hard=350 obsc=414 yr=  0  nz=0.12 flt=0.09 dmap=+0/-0 shz=4.0 plan=22 cmd=(lx=+0.00,ly=+0.40,rx=+0.00)
  t= 39.8 DWA-F pos=(-3.02,+0.56) yaw= -24.1 d=4.01 goal_err=+24 carrot_err= +15 c0=2.02 clear=1.00 prog=0.27 rel=0.73 bal=+0.33 obs=385 hard=353 obsc=415 yr=  0  nz=0.27 flt=0.08 dmap=+0/-0 shz=4.0 plan=21 cmd=(lx=+0.00,ly=+0.40,rx=+0.00)
  t= 40.3 DWA-F pos=(-2.99,+0.54) yaw= -24.1 d=3.98 goal_err=+24 carrot_err= +16 c0=1.99 clear=1.00 prog=0.27 rel=0.72 bal=+0.11 obs=383 hard=356 obsc=415 yr=  0  nz=0.28 flt=0.11 dmap=+3/-3 shz=4.0 plan=21 cmd=(lx=+0.00,ly=+0.40,rx=+0.00)
  t= 40.7 DWA-F pos=(-2.95,+0.53) yaw= -24.1 d=3.94 goal_err=+25 carrot_err= +16 c0=1.96 clear=1.00 prog=0.26 rel=0.78 bal=+0.10 obs=384 hard=356 obsc=416 yr=  0  nz=0.22 flt=0.04 dmap=+2/-2 shz=4.0 plan=21 cmd=(lx=+0.00,ly=+0.40,rx=+0.00)
  t= 41.1 DWA-F pos=(-2.92,+0.51) yaw= -24.0 d=3.91 goal_err=+25 carrot_err= +17 c0=1.92 clear=1.00 prog=0.26 rel=0.93 bal=+0.10 obs=388 hard=356 obsc=417 yr=  0  nz=0.07 flt=0.08 dmap=+0/-0 shz=4.0 plan=21 cmd=(lx=+0.00,ly=+0.40,rx=+0.00)
  t= 41.6 DWA-F pos=(-2.88,+0.49) yaw= -24.0 d=3.87 goal_err=+25 carrot_err= +18 c0=1.88 clear=1.00 prog=0.26 rel=0.93 bal=+0.15 obs=389 hard=356 obsc=418 yr=  0  nz=0.07 flt=0.04 dmap=+0/-0 shz=4.0 plan=21 cmd=(lx=+0.00,ly=+0.40,rx=+0.00)
  t= 42.0 DWA-F pos=(-2.84,+0.48) yaw= -24.1 d=3.83 goal_err=+25 carrot_err= +19 c0=1.84 clear=1.00 prog=0.27 rel=0.92 bal=+0.15 obs=393 hard=359 obsc=420 yr=  0  nz=0.08 flt=0.07 dmap=+5/-0 shz=4.0 plan=21 cmd=(lx=+0.00,ly=+0.40,rx=+0.00)
  t= 42.5 DWA-F pos=(-2.79,+0.45) yaw= -24.0 d=3.78 goal_err=+26 carrot_err= +20 c0=1.79 clear=1.00 prog=0.30 rel=0.92 bal=+0.14 obs=397 hard=359 obsc=428 yr=  0  nz=0.08 flt=0.01 dmap=+3/-2 shz=4.0 plan=21 cmd=(lx=+0.00,ly=+0.40,rx=+0.00)
  t= 42.9 DWA-F pos=(-2.75,+0.43) yaw= -24.0 d=3.74 goal_err=+26 carrot_err= +21 c0=1.75 clear=1.00 prog=0.31 rel=0.90 bal=+0.13 obs=398 hard=363 obsc=428 yr=  0  nz=0.10 flt=0.06 dmap=+0/-0 shz=4.0 plan=20 cmd=(lx=+0.00,ly=+0.40,rx=+0.00)
  t= 43.4 DWA-F pos=(-2.71,+0.41) yaw= -24.0 d=3.70 goal_err=+26 carrot_err= +23 c0=1.71 clear=1.00 prog=0.31 rel=0.91 bal=+0.13 obs=398 hard=364 obsc=428 yr=  0  nz=0.09 flt=0.06 dmap=+0/-0 shz=4.0 plan=20 cmd=(lx=+0.00,ly=+0.40,rx=+0.00)
  t= 43.8 DWA-F pos=(-2.67,+0.39) yaw= -24.0 d=3.66 goal_err=+27 carrot_err= +24 c0=1.67 clear=1.00 prog=0.31 rel=0.90 bal=+0.11 obs=395 hard=367 obsc=429 yr=  0  nz=0.10 flt=0.08 dmap=+4/-5 shz=4.0 plan=20 cmd=(lx=+0.00,ly=+0.40,rx=+0.00)
  t= 44.2 DWA-F pos=(-2.62,+0.37) yaw= -24.0 d=3.61 goal_err=+27 carrot_err= +12 c0=2.50 clear=1.00 prog=0.33 rel=0.92 bal=+0.11 obs=406 hard=371 obsc=435 yr=  0  nz=0.08 flt=0.14 dmap=+7/-2 shz=4.0 plan=19 cmd=(lx=+0.00,ly=+0.40,rx=+0.00)
  t= 44.7 DWA-F pos=(-2.58,+0.35) yaw= -24.0 d=3.57 goal_err=+28 carrot_err= +13 c0=2.50 clear=1.00 prog=0.31 rel=0.42 bal=-0.03 obs=404 hard=373 obsc=438 yr=  0  nz=0.57 flt=0.11 dmap=+0/-0 shz=4.0 plan=19 cmd=(lx=+0.00,ly=+0.40,rx=+0.00)
  t= 45.1 DWA-F pos=(-2.54,+0.33) yaw= -24.0 d=3.54 goal_err=+28 carrot_err= +14 c0=2.50 clear=1.00 prog=0.31 rel=0.38 bal=-0.16 obs=398 hard=370 obsc=434 yr=  0  nz=0.62 flt=0.06 dmap=+0/-0 shz=4.0 plan=19 cmd=(lx=+0.00,ly=+0.40,rx=+0.00)
  t= 45.6 DWA-F pos=(-2.50,+0.31) yaw= -24.0 d=3.50 goal_err=+28 carrot_err= +17 c0=2.50 clear=1.00 prog=0.31 rel=0.40 bal=-0.18 obs=409 hard=376 obsc=440 yr=  0  nz=0.60 flt=0.06 dmap=+3/-2 shz=4.0 plan=19 cmd=(lx=+0.00,ly=+0.40,rx=+0.00)
  t= 46.0 DWA-F pos=(-2.45,+0.29) yaw= -24.0 d=3.45 goal_err=+29 carrot_err= +18 c0=2.50 clear=1.00 prog=0.31 rel=0.97 bal=-0.28 obs=411 hard=381 obsc=443 yr=  0  nz=0.02 flt=0.09 dmap=+1/-4 shz=4.0 plan=18 cmd=(lx=+0.00,ly=+0.40,rx=+0.00)
  t= 46.4 DWA-F pos=(-2.40,+0.27) yaw= -24.0 d=3.41 goal_err=+29 carrot_err= +19 c0=2.50 clear=1.00 prog=0.31 rel=0.98 bal=-0.28 obs=415 hard=381 obsc=442 yr=  0  nz=0.02 flt=0.07 dmap=+0/-0 shz=4.0 plan=18 cmd=(lx=+0.00,ly=+0.40,rx=+0.00)
  t= 46.9 DWA-F pos=(-2.37,+0.25) yaw= -24.0 d=3.37 goal_err=+29 carrot_err= +20 c0=2.50 clear=1.00 prog=0.31 rel=0.98 bal=-0.28 obs=418 hard=380 obsc=445 yr=  0  nz=0.02 flt=0.07 dmap=+0/-0 shz=4.0 plan=18 cmd=(lx=+0.00,ly=+0.40,rx=+0.00)
  t= 47.3 DWA-F pos=(-2.32,+0.24) yaw= -24.1 d=3.33 goal_err=+30 carrot_err= +21 c0=2.50 clear=1.00 prog=0.31 rel=0.98 bal=-0.29 obs=421 hard=384 obsc=451 yr=  0  nz=0.02 flt=0.06 dmap=+3/-2 shz=4.0 plan=18 cmd=(lx=+0.00,ly=+0.40,rx=+0.00)
  t= 47.8 DWA-F pos=(-2.27,+0.21) yaw= -24.1 d=3.28 goal_err=+30 carrot_err= +23 c0=2.50 clear=1.00 prog=0.31 rel=0.98 bal=-0.40 obs=420 hard=387 obsc=451 yr=  0  nz=0.02 flt=0.14 dmap=+3/-4 shz=4.0 plan=18 cmd=(lx=+0.00,ly=+0.40,rx=+0.00)
  t= 48.2 DWA-F pos=(-2.23,+0.19) yaw= -24.1 d=3.24 goal_err=+31 carrot_err= +25 c0=2.50 clear=1.00 prog=0.31 rel=0.98 bal=-0.40 obs=424 hard=390 obsc=450 yr=  0  nz=0.02 flt=0.05 dmap=+0/-0 shz=4.0 plan=18 cmd=(lx=+0.00,ly=+0.40,rx=+0.00)
  t= 48.6 DWA-F pos=(-2.19,+0.17) yaw= -24.1 d=3.21 goal_err=+31 carrot_err= +26 c0=2.50 clear=1.00 prog=0.31 rel=0.99 bal=-0.40 obs=429 hard=386 obsc=456 yr=  0  nz=0.01 flt=0.04 dmap=+0/-0 shz=4.0 plan=18 cmd=(lx=+0.00,ly=+0.40,rx=+0.00)
  t= 49.1 DWA-F pos=(-2.15,+0.16) yaw= -24.1 d=3.17 goal_err=+32 carrot_err= +27 c0=2.49 clear=1.00 prog=0.31 rel=0.98 bal=-0.30 obs=430 hard=390 obsc=458 yr=  0  nz=0.02 flt=0.09 dmap=+3/-3 shz=4.0 plan=17 cmd=(lx=+0.00,ly=+0.40,rx=+0.00)
  t= 49.5 DWA-F pos=(-2.11,+0.14) yaw= -24.1 d=3.13 goal_err=+32 carrot_err= +29 c0=2.50 clear=1.00 prog=0.31 rel=0.98 bal=-0.32 obs=447 hard=409 obsc=475 yr=  0  nz=0.02 flt=0.38 dmap=+21/-4 shz=4.0 plan=17 cmd=(lx=+0.00,ly=+0.40,rx=+0.00)
  t= 49.9 DWA-F pos=(-2.06,+0.11) yaw= -24.0 d=3.09 goal_err=+33 carrot_err= +16 c0=2.50 clear=1.00 prog=0.30 rel=0.76 bal=-0.04 obs=468 hard=433 obsc=516 yr=  0  nz=0.15 flt=0.24 dmap=+0/-0 shz=4.0 plan=17 cmd=(lx=+0.00,ly=+0.40,rx=+0.00)
  t= 50.4 DWA-F pos=(-2.02,+0.10) yaw= -24.0 d=3.05 goal_err=+33 carrot_err= +17 c0=2.49 clear=1.00 prog=0.30 rel=0.86 bal=-0.04 obs=482 hard=425 obsc=526 yr=  0  nz=0.14 flt=0.06 dmap=+0/-0 shz=4.0 plan=16 cmd=(lx=+0.00,ly=+0.40,rx=+0.00)
  t= 50.8 DWA-F pos=(-1.98,+0.08) yaw= -23.9 d=3.01 goal_err=+33 carrot_err= +18 c0=2.47 clear=1.00 prog=0.29 rel=0.85 bal=-0.04 obs=478 hard=427 obsc=515 yr=  0  nz=0.15 flt=0.06 dmap=+3/-3 shz=4.0 plan=16 cmd=(lx=+0.00,ly=+0.40,rx=+0.00)
  t= 51.3 DWA-F pos=(-1.93,+0.06) yaw= -23.9 d=2.97 goal_err=+34 carrot_err= +20 c0=2.42 clear=1.00 prog=0.31 rel=0.73 bal=-0.18 obs=480 hard=437 obsc=519 yr=  0  nz=0.18 flt=0.37 dmap=+0/-0 shz=4.0 plan=16 cmd=(lx=+0.00,ly=+0.40,rx=+0.00)
  t= 51.7 DWA-F pos=(-1.89,+0.04) yaw= -23.9 d=2.93 goal_err=+34 carrot_err= +21 c0=2.37 clear=1.00 prog=0.30 rel=0.66 bal=-0.03 obs=503 hard=449 obsc=555 yr=  0  nz=0.22 flt=0.16 dmap=+0/-0 shz=4.0 plan=16 cmd=(lx=+0.00,ly=+0.40,rx=+0.00)
  t= 52.1 DWA-F pos=(-1.85,+0.02) yaw= -23.9 d=2.89 goal_err=+35 carrot_err= +23 c0=2.33 clear=1.00 prog=0.30 rel=0.72 bal=-0.03 obs=504 hard=455 obsc=546 yr=  0  nz=0.26 flt=0.14 dmap=+0/-0 shz=4.0 plan=15 cmd=(lx=+0.00,ly=+0.40,rx=+0.00)
  t= 52.6 DWA-F pos=(-1.81,+0.00) yaw= -23.9 d=2.86 goal_err=+35 carrot_err= +24 c0=2.29 clear=1.00 prog=0.29 rel=0.73 bal=-0.30 obs=501 hard=454 obsc=549 yr=  0  nz=0.27 flt=0.11 dmap=+5/-8 shz=4.0 plan=15 cmd=(lx=+0.00,ly=+0.40,rx=+0.00)
  t= 53.0 DWA-F pos=(-1.77,-0.02) yaw= -24.0 d=2.82 goal_err=+36 carrot_err= +25 c0=2.09 clear=1.00 prog=0.29 rel=0.64 bal=-0.30 obs=478 hard=453 obsc=544 yr=  0  nz=0.33 flt=0.09 dmap=+0/-0 shz=4.0 plan=15 cmd=(lx=+0.00,ly=+0.40,rx=+0.00)
  t= 53.4 DWA-F pos=(-1.72,-0.04) yaw= -24.0 d=2.78 goal_err=+37 carrot_err= +27 c0=2.04 clear=1.00 prog=0.29 rel=0.56 bal=-0.21 obs=528 hard=467 obsc=577 yr=  0  nz=0.33 flt=0.20 dmap=+0/-0 shz=4.0 plan=15 cmd=(lx=+0.00,ly=+0.40,rx=+0.00)
  t= 53.9 DWA-F pos=(-1.68,-0.06) yaw= -23.9 d=2.74 goal_err=+37 carrot_err= +28 c0=2.00 clear=1.00 prog=0.28 rel=0.66 bal=-0.22 obs=538 hard=483 obsc=587 yr=  0  nz=0.33 flt=0.13 dmap=+0/-0 shz=4.0 plan=15 cmd=(lx=+0.00,ly=+0.40,rx=+0.00)
  t= 54.3 DWA-F pos=(-1.64,-0.08) yaw= -24.0 d=2.71 goal_err=+38 carrot_err= +29 c0=1.96 clear=1.00 prog=0.28 rel=0.77 bal=-0.33 obs=538 hard=486 obsc=583 yr=  0  nz=0.21 flt=0.03 dmap=+4/-5 shz=4.0 plan=15 cmd=(lx=+0.00,ly=+0.40,rx=+0.00)
  t= 54.8 DWA-F pos=(-1.60,-0.10) yaw= -24.0 d=2.68 goal_err=+38 carrot_err= +31 c0=1.91 clear=1.00 prog=0.27 rel=0.76 bal=-0.48 obs=495 hard=469 obsc=563 yr=  0  nz=0.22 flt=0.04 dmap=+3/-28 shz=4.0 plan=15 cmd=(lx=+0.00,ly=+0.40,rx=+0.00)
  t= 55.2 DWA-F pos=(-1.55,-0.12) yaw= -23.9 d=2.63 goal_err=+39 carrot_err= +18 c0=1.86 clear=1.00 prog=0.28 rel=0.89 bal=-0.57 obs=497 hard=457 obsc=537 yr=  0  nz=0.09 flt=0.07 dmap=+1/-0 shz=4.0 plan=14 cmd=(lx=+0.00,ly=+0.40,rx=+0.00)
  t= 55.7 DWA-F pos=(-1.51,-0.14) yaw= -24.0 d=2.60 goal_err=+40 carrot_err= +19 c0=1.82 clear=1.00 prog=0.27 rel=0.68 bal=-0.56 obs=519 hard=470 obsc=560 yr=  0  nz=0.19 flt=0.32 dmap=+0/-0 shz=4.0 plan=14 cmd=(lx=+0.00,ly=+0.40,rx=+0.00)
  t= 56.1 DWA-F pos=(-1.47,-0.16) yaw= -24.0 d=2.57 goal_err=+41 carrot_err= +21 c0=1.77 clear=1.00 prog=0.27 rel=0.64 bal=-0.23 obs=555 hard=494 obsc=605 yr=  0  nz=0.22 flt=0.19 dmap=+20/-1 shz=4.0 plan=14 cmd=(lx=+0.00,ly=+0.40,rx=+0.00)
  t= 56.6 DWA-F pos=(-1.43,-0.18) yaw= -24.0 d=2.53 goal_err=+41 carrot_err= +23 c0=1.73 clear=1.00 prog=0.27 rel=0.79 bal=-0.22 obs=553 hard=496 obsc=593 yr=  0  nz=0.20 flt=0.07 dmap=+2/-2 shz=4.0 plan=13 cmd=(lx=+0.00,ly=+0.40,rx=+0.00)
  t= 57.0 DWA-F pos=(-1.39,-0.20) yaw= -23.9 d=2.50 goal_err=+42 carrot_err= +24 c0=1.69 clear=1.00 prog=0.25 rel=0.81 bal=-0.20 obs=552 hard=497 obsc=596 yr=  0  nz=0.18 flt=0.07 dmap=+0/-0 shz=4.0 plan=13 cmd=(lx=+0.00,ly=+0.40,rx=+0.00)
  t= 57.4 DWA-F pos=(-1.34,-0.22) yaw= -23.9 d=2.46 goal_err=+43 carrot_err= +25 c0=1.64 clear=1.00 prog=0.26 rel=0.81 bal=-0.37 obs=522 hard=481 obsc=581 yr=  0  nz=0.19 flt=0.02 dmap=+0/-0 shz=4.0 plan=13 cmd=(lx=+0.00,ly=+0.40,rx=+0.00)