RUN 01/12 arm=vxoff ...
  -> {"arm": "vxoff", "file": "20260814_170842_ours_A.json", "dur_s": 87.6, "d_final": 0.35, "reached": true, "n_col": 0, "retreats": 0, "assists": 0, "vox_inj_med": 0}
RUN 02/12 arm=vxon ...
  -> {"arm": "vxon", "file": "20260814_171017_ours_A.json", "dur_s": 109.4, "d_final": 0.35, "reached": true, "n_col": 0, "retreats": 0, "assists": 0, "vox_inj_med": 24}
RUN 03/12 arm=vxon ...
  -> {"arm": "vxon", "file": "20260814_171214_ours_A.json", "dur_s": 91.8, "d_final": 0.35, "reached": true, "n_col": 0, "retreats": 0, "assists": 0, "vox_inj_med": 17}
RUN 04/12 arm=vxoff ...
  -> {"arm": "vxoff", "file": "20260814_171353_ours_A.json", "dur_s": 88.4, "d_final": 0.35, "reached": true, "n_col": 0, "retreats": 0, "assists": 0, "vox_inj_med": 0}
RUN 05/12 arm=vxoff ...
  -> {"arm": "vxoff", "file": "20260814_171529_ours_A.json", "dur_s": 86.7, "d_final": 0.35, "reached": true, "n_col": 0, "retreats": 0, "assists": 0, "vox_inj_med": 0}
RUN 06/12 arm=vxon ...
  -> {"arm": "vxon", "file": "20260814_171702_ours_A.json", "dur_s": 268.8, "d_final": 6.15, "reached": false, "n_col": 7, "retreats": 3, "assists": 0, "vox_inj_med": 41}
RUN 07/12 arm=vxon ...
  -> {"arm": "vxon", "file": "20260814_172139_ours_A.json", "dur_s": 92.5, "d_final": 0.35, "reached": true, "n_col": 0, "retreats": 0, "assists": 0, "vox_inj_med": 18}
RUN 08/12 arm=vxoff ...
  -> {"arm": "vxoff", "file": "20260814_172319_ours_A.json", "dur_s": 84.8, "d_final": 0.35, "reached": true, "n_col": 0, "retreats": 0, "assists": 0, "vox_inj_med": 0}
RUN 09/12 arm=vxoff ...
  -> {"arm": "vxoff", "file": "20260814_172451_ours_A.json", "dur_s": 98.9, "d_final": 0.35, "reached": true, "n_col": 0, "retreats": 0, "assists": 0, "vox_inj_med": 0}
RUN 10/12 arm=vxon ...
  -> {"arm": "vxon", "file": "20260814_172637_ours_A.json", "dur_s": 90.0, "d_final": 0.35, "reached": true, "n_col": 0, "retreats": 0, "assists": 0, "vox_inj_med": 19}
RUN 11/12 arm=vxon ...
  -> {"arm": "vxon", "file": "20260814_172814_ours_A.json", "dur_s": 89.8, "d_final": 0.35, "reached": true, "n_col": 0, "retreats": 0, "assists": 0, "vox_inj_med": 17}
RUN 12/12 arm=vxoff ...
  -> {"arm": "vxoff", "file": "20260814_172952_ours_A.json", "dur_s": 87.8, "d_final": 0.35, "reached": true, "n_col": 0, "retreats": 0, "assists": 0, "vox_inj_med": 0}
CAMPANA FIN: 12 runs registrados
