[ 1/30] -> B : reached (20260823_123029_ours_B.json, 14s de reloj)
[ 2/30] -> A : reached (20260823_123045_ours_A.json, 32s de reloj)
[ 3/30] -> B : reached (20260823_123119_ours_B.json, 26s de reloj)
[ 4/30] -> A : reached (20260823_123146_ours_A.json, 15s de reloj)
[ 5/30] -> B : reached (20260823_123203_ours_B.json, 24s de reloj)
[ 6/30] -> A : reached (20260823_123229_ours_A.json, 22s de reloj)
[ 7/30] -> B : reached (20260823_123252_ours_B.json, 42s de reloj)
[ 8/30] -> A : reached (20260823_123335_ours_A.json, 21s de reloj)
[ 9/30] -> B : reached (20260823_123357_ours_B.json, 34s de reloj)
[10/30] -> A : reached (20260823_123432_ours_A.json, 20s de reloj)
[11/30] -> B : reached (20260823_123454_ours_B.json, 19s de reloj)
[12/30] -> A : reached (20260823_123515_ours_A.json, 19s de reloj)
[13/30] -> B : reached (20260823_123535_ours_B.json, 30s de reloj)
[14/30] -> A : reached (20260823_123607_ours_A.json, 26s de reloj)
[15/30] -> B : reached (20260823_123634_ours_B.json, 34s de reloj)
[16/30] -> A : reached (20260823_123709_ours_A.json, 21s de reloj)
[17/30] -> B : reached (20260823_123732_ours_B.json, 22s de reloj)
[18/30] -> A : reached (20260823_123755_ours_A.json, 13s de reloj)
[19/30] -> B : reached (20260823_123809_ours_B.json, 26s de reloj)
[20/30] -> A : reached (20260823_123836_ours_A.json, 20s de reloj)
[21/30] -> B : reached (20260823_123858_ours_B.json, 26s de reloj)
[22/30] -> A : reached (20260823_123925_ours_A.json, 14s de reloj)
[23/30] -> B : reached (20260823_123940_ours_B.json, 37s de reloj)
[24/30] -> A : reached (20260823_124018_ours_A.json, 20s de reloj)
[25/30] -> B : reached (20260823_124040_ours_B.json, 31s de reloj)
[26/30] -> A : reached (20260823_124112_ours_A.json, 19s de reloj)
[27/30] -> B : reached (20260823_124132_ours_B.json, 24s de reloj)
[28/30] -> A : reached (20260823_124157_ours_A.json, 21s de reloj)
[29/30] -> B : reached (20260823_124220_ours_B.json, 18s de reloj)
[30/30] -> A : reached (20260823_124239_ours_A.json, 25s de reloj)
campana completa: 30 tramos
