[ 1/30] -> B : reached (20260825_183155_ours_B.json, 2s de reloj)
[ 2/30] -> A : reached (20260825_183158_ours_A.json, 138s de reloj)
[ 3/30] -> B : reached (20260825_183418_ours_B.json, 87s de reloj)
[ 4/30] -> A : reached (20260825_183546_ours_A.json, 107s de reloj)
[ 5/30] -> B : reached (20260825_183734_ours_B.json, 86s de reloj)
[ 6/30] -> A : reached (20260825_183901_ours_A.json, 99s de reloj)
[ 7/30] -> B : reached (20260825_184042_ours_B.json, 81s de reloj)
[ 8/30] -> A : reached (20260825_184205_ours_A.json, 104s de reloj)
[ 9/30] -> B : reached (20260825_184350_ours_B.json, 132s de reloj)
[10/30] -> A : reached (20260825_184604_ours_A.json, 107s de reloj)
[11/30] -> B : reached (20260825_184752_ours_B.json, 142s de reloj)
[12/30] -> A : reached (20260825_185015_ours_A.json, 211s de reloj)
[13/30] -> B : reached (20260825_185348_ours_B.json, 69s de reloj)
[14/30] -> A : reached (20260825_185458_ours_A.json, 103s de reloj)
[15/30] -> B : reached (20260825_185643_ours_B.json, 87s de reloj)
[16/30] -> A : reached (20260825_185811_ours_A.json, 143s de reloj)
[17/30] -> B : reached (20260825_190036_ours_B.json, 83s de reloj)
[18/30] -> A : reached (20260825_190200_ours_A.json, 65s de reloj)
[19/30] -> B : reached (20260825_190308_ours_B.json, 93s de reloj)
[20/30] -> A : reached (20260825_190442_ours_A.json, 125s de reloj)
[21/30] -> B : reached (20260825_190649_ours_B.json, 66s de reloj)
[22/30] -> A : reached (20260825_190756_ours_A.json, 75s de reloj)
[23/30] -> B : reached (20260825_190913_ours_B.json, 88s de reloj)
[24/30] -> A : reached (20260825_191042_ours_A.json, 105s de reloj)
[25/30] -> B : reached (20260825_191229_ours_B.json, 76s de reloj)
[26/30] -> A : reached (20260825_191346_ours_A.json, 60s de reloj)
[27/30] -> B : reached (20260825_191447_ours_B.json, 72s de reloj)
[28/30] -> A : reached (20260825_191601_ours_A.json, 175s de reloj)
[29/30] -> B : reached (20260825_191857_ours_B.json, 74s de reloj)
[30/30] -> A : reached (20260825_192013_ours_A.json, 84s de reloj)
campana completa: 30 tramos
